1/125 +The Rise of the Witch King → Mage Hero
2/125 ?The Everlasting (new-leaf question: invented-nation time-travel fantasy in which a historian is thrown into his country's founding legend (Kirkus 'epic time-travel fantasy'); no Fantasy Realms leaf covers story-rewriting time travel)
3/125 +A Sorceress Comes to Call → Fantasy of manners
4/125 ?Death of the Author (genre question: realist literary frame (a Nigerian-American novelist's blockbuster) wrapped around an embedded robot/post-human SF novel (NYT, Guardian); is it SF at all, and if so Books in Books or Robots?)
5/125 +Nettle & Bone → Fairytalesque quest fantasy
6/125 +Alien Clay → Xenocolonial
7/125 +Service Model → Robots
8/125 +Shigidi and the Brass Head of Obalufon → Contemporary mythic fantasy
9/125 +Spear → Arthurian fantasy
10/125 ?The Incandescent (leaf question: contemporary English boarding school with a Director of Magic and summoned demons (BookPage, Reactor); adult teacher protagonist, so Magical coming-of-age fits only partly - magic-school leaf or existing?)
11/125 +Translation State → Space Succession Opera (series: The Imperial Radch)
12/125 +City of Last Chances → Rebel fantasy
13/125 +Some Desperate Glory → Military science fiction
14/125 +Someone You Can Build a Nest In → Dark Fantasy
15/125 +The Kaiju Preservation Society → Humorous science fiction
16/125 +The Saint of Bright Doors → Messianic fantasy
17/125 +Asunder → Dark Fantasy
18/125 ?Katabasis (placement question: two Cambridge grad students descend into Hell to rescue their advisor (Guardian, LA Times). Hell-journey leaves (Surreal Afterlife) sit in frozen Supernatural fantasy; Hellscape horror is about Hell breaking into the world)
19/125 +Legends & Lattes → Cozy fantasy
20/125 +Rakesfall → Reincarnation fiction
21/125 +Shroud → Alien Expedition
22/125 +Siren Queen → Noir fantasy
23/125 +Starter Villain → Superhero fiction
24/125 +The Bright Sword → Arthurian fantasy
25/125 +The Daughter of Doctor Moreau → Mad-science Gothic
